21:58:06  |  Platform  |  Info  |  * Initialise: RenderManager  |  D:\_\sr\og3\mygui-next\Platforms\Ogre2\Ogre2Platform\src\MyGUI_Ogre2RenderManager.cpp  |  79
21:58:06  |  Platform  |  Info  |  RenderManager successfully initialized  |  D:\_\sr\og3\mygui-next\Platforms\Ogre2\Ogre2Platform\src\MyGUI_Ogre2RenderManager.cpp  |  114
21:58:06  |  Platform  |  Info  |  * Initialise: DataManager  |  D:\_\sr\og3\mygui-next\Platforms\Ogre2\Ogre2Platform\src\MyGUI_Ogre2DataManager.cpp  |  27
21:58:06  |  Platform  |  Info  |  DataManager successfully initialized  |  D:\_\sr\og3\mygui-next\Platforms\Ogre2\Ogre2Platform\src\MyGUI_Ogre2DataManager.cpp  |  35
21:58:06  |  Core  |  Info  |  * Initialise: Gui  |  D:\_\sr\og3\mygui\MyGUIEngine\src\MyGUI_Gui.cpp  |  61
21:58:06  |  Core  |  Info  |  * MyGUI version 3.2.3  |  D:\_\sr\og3\mygui\MyGUIEngine\src\MyGUI_Gui.cpp  |  66
21:58:06  |  Core  |  Info  |  * Initialise: ResourceManager  |  D:\_\sr\og3\mygui\MyGUIEngine\src\MyGUI_ResourceManager.cpp  |  32
21:58:06  |  Core  |  Info  |  ResourceManager successfully initialized  |  D:\_\sr\og3\mygui\MyGUIEngine\src\MyGUI_ResourceManager.cpp  |  40
21:58:06  |  Core  |  Info  |  * Initialise: LayerManager  |  D:\_\sr\og3\mygui\MyGUIEngine\src\MyGUI_LayerManager.cpp  |  33
21:58:06  |  Core  |  Info  |  LayerManager successfully initialized  |  D:\_\sr\og3\mygui\MyGUIEngine\src\MyGUI_LayerManager.cpp  |  41
21:58:06  |  Core  |  Info  |  * Initialise: WidgetManager  |  D:\_\sr\og3\mygui\MyGUIEngine\src\MyGUI_WidgetManager.cpp  |  53
21:58:06  |  Core  |  Info  |  WidgetManager successfully initialized  |  D:\_\sr\og3\mygui\MyGUIEngine\src\MyGUI_WidgetManager.cpp  |  84
21:58:06  |  Core  |  Info  |  * Initialise: InputManager  |  D:\_\sr\og3\mygui\MyGUIEngine\src\MyGUI_InputManager.cpp  |  46
21:58:06  |  Core  |  Info  |  InputManager successfully initialized  |  D:\_\sr\og3\mygui\MyGUIEngine\src\MyGUI_InputManager.cpp  |  66
21:58:06  |  Core  |  Info  |  * Initialise: SubWidgetManager  |  D:\_\sr\og3\mygui\MyGUIEngine\src\MyGUI_SubWidgetManager.cpp  |  36
21:58:06  |  Core  |  Info  |  SubWidgetManager successfully initialized  |  D:\_\sr\og3\mygui\MyGUIEngine\src\MyGUI_SubWidgetManager.cpp  |  56
21:58:06  |  Core  |  Info  |  * Initialise: SkinManager  |  D:\_\sr\og3\mygui\MyGUIEngine\src\MyGUI_SkinManager.cpp  |  36
21:58:06  |  Core  |  Info  |  SkinManager successfully initialized  |  D:\_\sr\og3\mygui\MyGUIEngine\src\MyGUI_SkinManager.cpp  |  46
21:58:06  |  Core  |  Info  |  * Initialise: FontManager  |  D:\_\sr\og3\mygui\MyGUIEngine\src\MyGUI_FontManager.cpp  |  32
21:58:06  |  Core  |  Info  |  FontManager successfully initialized  |  D:\_\sr\og3\mygui\MyGUIEngine\src\MyGUI_FontManager.cpp  |  42
21:58:06  |  Core  |  Info  |  * Initialise: ControllerManager  |  D:\_\sr\og3\mygui\MyGUIEngine\src\MyGUI_ControllerManager.cpp  |  33
21:58:06  |  Core  |  Info  |  ControllerManager successfully initialized  |  D:\_\sr\og3\mygui\MyGUIEngine\src\MyGUI_ControllerManager.cpp  |  42
21:58:06  |  Core  |  Info  |  * Initialise: PointerManager  |  D:\_\sr\og3\mygui\MyGUIEngine\src\MyGUI_PointerManager.cpp  |  43
21:58:06  |  Core  |  Info  |  PointerManager successfully initialized  |  D:\_\sr\og3\mygui\MyGUIEngine\src\MyGUI_PointerManager.cpp  |  62
21:58:06  |  Core  |  Info  |  * Initialise: ClipboardManager  |  D:\_\sr\og3\mygui\MyGUIEngine\src\MyGUI_ClipboardManager.cpp  |  32
21:58:06  |  Core  |  Info  |  ClipboardManager successfully initialized  |  D:\_\sr\og3\mygui\MyGUIEngine\src\MyGUI_ClipboardManager.cpp  |  39
21:58:06  |  Core  |  Info  |  * Initialise: LayoutManager  |  D:\_\sr\og3\mygui\MyGUIEngine\src\MyGUI_LayoutManager.cpp  |  28
21:58:06  |  Core  |  Info  |  LayoutManager successfully initialized  |  D:\_\sr\og3\mygui\MyGUIEngine\src\MyGUI_LayoutManager.cpp  |  35
21:58:06  |  Core  |  Info  |  * Initialise: DynLibManager  |  D:\_\sr\og3\mygui\MyGUIEngine\src\MyGUI_DynLibManager.cpp  |  26
21:58:06  |  Core  |  Info  |  DynLibManager successfully initialized  |  D:\_\sr\og3\mygui\MyGUIEngine\src\MyGUI_DynLibManager.cpp  |  30
21:58:06  |  Core  |  Info  |  * Initialise: PluginManager  |  D:\_\sr\og3\mygui\MyGUIEngine\src\MyGUI_PluginManager.cpp  |  30
21:58:06  |  Core  |  Info  |  PluginManager successfully initialized  |  D:\_\sr\og3\mygui\MyGUIEngine\src\MyGUI_PluginManager.cpp  |  34
21:58:06  |  Core  |  Info  |  * Initialise: LanguageManager  |  D:\_\sr\og3\mygui\MyGUIEngine\src\MyGUI_LanguageManager.cpp  |  30
21:58:06  |  Core  |  Info  |  LanguageManager successfully initialized  |  D:\_\sr\og3\mygui\MyGUIEngine\src\MyGUI_LanguageManager.cpp  |  34
21:58:06  |  Core  |  Info  |  * Initialise: FactoryManager  |  D:\_\sr\og3\mygui\MyGUIEngine\src\MyGUI_FactoryManager.cpp  |  25
21:58:06  |  Core  |  Info  |  FactoryManager successfully initialized  |  D:\_\sr\og3\mygui\MyGUIEngine\src\MyGUI_FactoryManager.cpp  |  27
21:58:06  |  Core  |  Info  |  * Initialise: ToolTipManager  |  D:\_\sr\og3\mygui\MyGUIEngine\src\MyGUI_ToolTipManager.cpp  |  33
21:58:06  |  Core  |  Info  |  ToolTipManager successfully initialized  |  D:\_\sr\og3\mygui\MyGUIEngine\src\MyGUI_ToolTipManager.cpp  |  45
21:58:06  |  Core  |  Info  |  Load ini file 'core_font.xml'  |  D:\_\sr\og3\mygui\MyGUIEngine\src\MyGUI_ResourceManager.cpp  |  114
21:58:06  |  Core  |  Info  |  Load ini file 'core_images.xml'  |  D:\_\sr\og3\mygui\MyGUIEngine\src\MyGUI_ResourceManager.cpp  |  114
21:58:06  |  Core  |  Info  |  Load ini file 'core_commonskins.xml'  |  D:\_\sr\og3\mygui\MyGUIEngine\src\MyGUI_ResourceManager.cpp  |  114
21:58:06  |  Core  |  Info  |  Load ini file 'core_blackbluetheme.xml'  |  D:\_\sr\og3\mygui\MyGUIEngine\src\MyGUI_ResourceManager.cpp  |  114
21:58:06  |  Core  |  Info  |  Load ini file 'core_blackblueimages.xml'  |  D:\_\sr\og3\mygui\MyGUIEngine\src\MyGUI_ResourceManager.cpp  |  114
21:58:06  |  Core  |  Info  |  Load ini file 'core_blackblueskins.xml'  |  D:\_\sr\og3\mygui\MyGUIEngine\src\MyGUI_ResourceManager.cpp  |  114
21:58:06  |  Core  |  Info  |  Load ini file 'core_blackbluetemplates.xml'  |  D:\_\sr\og3\mygui\MyGUIEngine\src\MyGUI_ResourceManager.cpp  |  114
21:58:06  |  Core  |  Info  |  Load ini file 'core_pointers.xml'  |  D:\_\sr\og3\mygui\MyGUIEngine\src\MyGUI_ResourceManager.cpp  |  114
21:58:06  |  Core  |  Info  |  Load ini file 'core_layers.xml'  |  D:\_\sr\og3\mygui\MyGUIEngine\src\MyGUI_ResourceManager.cpp  |  114
21:58:06  |  Core  |  Info  |  Load ini file 'core_language.xml'  |  D:\_\sr\og3\mygui\MyGUIEngine\src\MyGUI_ResourceManager.cpp  |  114
21:58:06  |  Core  |  Info  |  Load ini file 'core_settings.xml'  |  D:\_\sr\og3\mygui\MyGUIEngine\src\MyGUI_ResourceManager.cpp  |  114
21:58:06  |  Core  |  Info  |  Load ini file 'MessageBoxIcons.xml'  |  D:\_\sr\og3\mygui\MyGUIEngine\src\MyGUI_ResourceManager.cpp  |  114
21:58:06  |  Core  |  Info  |  Gui successfully initialized  |  D:\_\sr\og3\mygui\MyGUIEngine\src\MyGUI_Gui.cpp  |  111
21:58:06  |  Core  |  Info  |  ResourceTrueTypeFont: Font 'font.small' using texture size 512 x 256.  |  D:\_\sr\og3\mygui\MyGUIEngine\src\MyGUI_ResourceTrueTypeFont.cpp  |  787
21:58:06  |  Core  |  Info  |  ResourceTrueTypeFont: Font 'font.small' using real height 21 pixels.  |  D:\_\sr\og3\mygui\MyGUIEngine\src\MyGUI_ResourceTrueTypeFont.cpp  |  788
21:58:06  |  Core  |  Info  |  ResourceTrueTypeFont: Font 'font.normal' using texture size 512 x 256.  |  D:\_\sr\og3\mygui\MyGUIEngine\src\MyGUI_ResourceTrueTypeFont.cpp  |  787
21:58:06  |  Core  |  Info  |  ResourceTrueTypeFont: Font 'font.normal' using real height 24 pixels.  |  D:\_\sr\og3\mygui\MyGUIEngine\src\MyGUI_ResourceTrueTypeFont.cpp  |  788
21:58:06  |  Core  |  Info  |  ResourceTrueTypeFont: Font 'font.big' using texture size 512 x 256.  |  D:\_\sr\og3\mygui\MyGUIEngine\src\MyGUI_ResourceTrueTypeFont.cpp  |  787
21:58:06  |  Core  |  Info  |  ResourceTrueTypeFont: Font 'font.big' using real height 26 pixels.  |  D:\_\sr\og3\mygui\MyGUIEngine\src\MyGUI_ResourceTrueTypeFont.cpp  |  788
21:58:06  |  Core  |  Info  |  ResourceTrueTypeFont: Font 'hud.text' using texture size 512 x 512.  |  D:\_\sr\og3\mygui\MyGUIEngine\src\MyGUI_ResourceTrueTypeFont.cpp  |  787
21:58:06  |  Core  |  Info  |  ResourceTrueTypeFont: Font 'hud.text' using real height 30 pixels.  |  D:\_\sr\og3\mygui\MyGUIEngine\src\MyGUI_ResourceTrueTypeFont.cpp  |  788
21:58:06  |  Core  |  Info  |  ResourceTrueTypeFont: Font 'hud.replay' using texture size 512 x 512.  |  D:\_\sr\og3\mygui\MyGUIEngine\src\MyGUI_ResourceTrueTypeFont.cpp  |  787
21:58:06  |  Core  |  Info  |  ResourceTrueTypeFont: Font 'hud.replay' using real height 1 pixels.  |  D:\_\sr\og3\mygui\MyGUIEngine\src\MyGUI_ResourceTrueTypeFont.cpp  |  788
21:58:06  |  Core  |  Info  |  ResourceTrueTypeFont: Font 'DigGear' using texture size 512 x 512.  |  D:\_\sr\og3\mygui\MyGUIEngine\src\MyGUI_ResourceTrueTypeFont.cpp  |  787
21:58:06  |  Core  |  Info  |  ResourceTrueTypeFont: Font 'DigGear' using real height 1 pixels.  |  D:\_\sr\og3\mygui\MyGUIEngine\src\MyGUI_ResourceTrueTypeFont.cpp  |  788
21:58:06  |  Core  |  Warning  |  : Property 'SpaceWidth' in font '' is deprecated; remove it to use automatic calculation.  |  D:\_\sr\og3\mygui\MyGUIEngine\src\MyGUI_ResourceTrueTypeFont.cpp  |  326
21:58:06  |  Core  |  Info  |  ResourceTrueTypeFont: Font 'hud.fps' using texture size 256 x 128.  |  D:\_\sr\og3\mygui\MyGUIEngine\src\MyGUI_ResourceTrueTypeFont.cpp  |  787
21:58:06  |  Core  |  Info  |  ResourceTrueTypeFont: Font 'hud.fps' using real height 21 pixels.  |  D:\_\sr\og3\mygui\MyGUIEngine\src\MyGUI_ResourceTrueTypeFont.cpp  |  788
21:58:06  |  Core  |  Warning  |  Widget property 'TextColour' not found [Editor_Track.layout]  |  D:\_\sr\og3\mygui\MyGUIEngine\src\MyGUI_Widget.cpp  |  1208
21:58:06  |  Core  |  Warning  |  Widget property 'TextColour' not found [Editor.layout]  |  D:\_\sr\og3\mygui\MyGUIEngine\src\MyGUI_Widget.cpp  |  1208
21:58:06  |  Core  |  Warning  |  Widget property 'TextColour' not found [Editor.layout]  |  D:\_\sr\og3\mygui\MyGUIEngine\src\MyGUI_Widget.cpp  |  1208
21:58:06  |  Core  |  Warning  |  Widget property 'TextColour' not found [Editor.layout]  |  D:\_\sr\og3\mygui\MyGUIEngine\src\MyGUI_Widget.cpp  |  1208
21:58:06  |  Core  |  Warning  |  Widget property 'TextAlign' not found [Editor.layout]  |  D:\_\sr\og3\mygui\MyGUIEngine\src\MyGUI_Widget.cpp  |  1208
21:58:06  |  Core  |  Warning  |  Widget property 'FontName' not found [Editor.layout]  |  D:\_\sr\og3\mygui\MyGUIEngine\src\MyGUI_Widget.cpp  |  1208
21:58:06  |  Core  |  Warning  |  Widget property 'Caption' not found [Editor.layout]  |  D:\_\sr\og3\mygui\MyGUIEngine\src\MyGUI_Widget.cpp  |  1208
21:58:06  |  Core  |  Warning  |  Widget property 'TextColour' not found [Editor.layout]  |  D:\_\sr\og3\mygui\MyGUIEngine\src\MyGUI_Widget.cpp  |  1208
21:58:06  |  Core  |  Warning  |  Widget property 'Caption' not found [Editor.layout]  |  D:\_\sr\og3\mygui\MyGUIEngine\src\MyGUI_Widget.cpp  |  1208
21:58:06  |  Core  |  Warning  |  Widget property 'FontName' not found [Editor_Objects.layout]  |  D:\_\sr\og3\mygui\MyGUIEngine\src\MyGUI_Widget.cpp  |  1208
21:58:06  |  Core  |  Error  |  Texture 'keys.png' not found  |  D:\_\sr\og3\mygui\MyGUIEngine\src\MyGUI_TextureUtility.cpp  |  41
