21:36:35: Creating resource group General
21:36:35: Creating resource group Internal
21:36:35: Creating resource group Autodetect
21:36:35: SceneManagerFactory for type 'DefaultSceneManager' registered.
21:36:35: Registering ResourceManager for type Material
21:36:35: Registering ResourceManager for type Mesh
21:36:35: Registering ResourceManager for type Mesh2
21:36:35: Registering ResourceManager for type OldSkeleton
21:36:35: MovableObjectFactory for type 'ParticleSystem' registered.
21:36:35: ArchiveFactory for archive type FileSystem registered.
21:36:35: ArchiveFactory for archive type Zip registered.
21:36:35: ArchiveFactory for archive type EmbeddedZip registered.
21:36:35: DDS codec registering
21:36:35: FreeImage version: 3.18.0
21:36:35: This program uses FreeImage, a free, open source image library supporting all common bitmap formats. See http://freeimage.sourceforge.net for details
21:36:35: Supported formats: bmp,ico,jpg,jif,jpeg,jpe,jng,koa,iff,lbm,mng,pbm,pbm,pcd,pcx,pgm,pgm,png,ppm,ppm,ras,tga,targa,tif,tiff,wap,wbmp,wbm,psd,psb,cut,xbm,xpm,gif,hdr,g3,sgi,rgb,rgba,bw,exr,j2k,j2c,jp2,pfm,pct,pict,pic,3fr,arw,bay,bmq,cap,cine,cr2,crw,cs1,dc2,dcr,drf,dsc,dng,erf,fff,ia,iiq,k25,kc2,kdc,mdc,mef,mos,mrw,nef,nrw,orf,pef,ptx,pxn,qtk,raf,raw,rdc,rw2,rwl,rwz,sr2,srf,srw,sti,x3f,webp,jxr,wdp,hdp
21:36:35: OITD codec registering
21:36:35: Registering ResourceManager for type HighLevelGpuProgram
21:36:35: MovableObjectFactory for type 'Decal' registered.
21:36:35: MovableObjectFactory for type 'InternalCubemapProbe' registered.
21:36:35: MovableObjectFactory for type 'Entity' registered.
21:36:35: MovableObjectFactory for type 'Item' registered.
21:36:35: MovableObjectFactory for type 'Light' registered.
21:36:35: MovableObjectFactory for type 'Rectangle2Dv2' registered.
21:36:35: MovableObjectFactory for type 'BillboardSet' registered.
21:36:35: MovableObjectFactory for type 'ManualObject2' registered.
21:36:35: MovableObjectFactory for type 'BillboardChain' registered.
21:36:35: MovableObjectFactory for type 'RibbonTrail' registered.
21:36:35: MovableObjectFactory for type 'WireAabb' registered.
21:36:35: Loading library .\RenderSystem_GL3Plus
21:36:35: Installing plugin: GL 3+ RenderSystem
21:36:35: OpenGL 3+ Rendering Subsystem created.
21:36:35: Plugin successfully installed
21:36:35: Loading library .\RenderSystem_Vulkan
21:36:35: Installing plugin: Vulkan RenderSystem
21:36:35: [Vulkan] Initializing VkInstance
21:36:35: Found instance extension: VK_KHR_device_group_creation
21:36:35: Found instance extension: VK_KHR_display
21:36:35: Found instance extension: VK_KHR_external_fence_capabilities
21:36:35: Found instance extension: VK_KHR_external_memory_capabilities
21:36:35: Found instance extension: VK_KHR_external_semaphore_capabilities
21:36:35: Found instance extension: VK_KHR_get_display_properties2
21:36:35: Found instance extension: VK_KHR_get_physical_device_properties2
21:36:35: Found instance extension: VK_KHR_get_surface_capabilities2
21:36:35: Found instance extension: VK_KHR_surface
21:36:35: Found instance extension: VK_KHR_surface_maintenance1
21:36:35: Found instance extension: VK_KHR_surface_protected_capabilities
21:36:35: Found instance extension: VK_KHR_win32_surface
21:36:35: Found instance extension: VK_EXT_debug_report
21:36:35: Found instance extension: VK_EXT_debug_utils
21:36:35: Found instance extension: VK_EXT_direct_mode_display
21:36:35: Found instance extension: VK_EXT_surface_maintenance1
21:36:35: Found instance extension: VK_EXT_swapchain_colorspace
21:36:35: Found instance extension: VK_NV_external_memory_capabilities
21:36:35: Found instance extension: VK_KHR_portability_enumeration
21:36:35: Found instance extension: VK_LUNARG_direct_driver_loading
21:36:35: Found instance layer: VK_LAYER_NV_optimus
21:36:35: Found instance layer: VK_LAYER_NV_present
21:36:35: Found instance layer: VK_LAYER_AMD_switchable_graphics
21:36:35: Found instance layer: VK_LAYER_OBS_HOOK
21:36:35: Requesting Instance Extension: VK_KHR_get_physical_device_properties2
21:36:35: Requesting Instance Extension: VK_KHR_win32_surface
21:36:35: Requesting Instance Extension: VK_KHR_surface
21:36:35: [Vulkan] Found 2 devices
21:36:35: [Vulkan] Found devices:
21:36:35: NVIDIA GeForce RTX 4070 SUPER #0
21:36:35: AMD Radeon(TM) Graphics #1
21:36:35: Plugin successfully installed
21:36:35: Loading library .\Plugin_ParticleFX
21:36:35: Installing plugin: ParticleFX
21:36:35: Particle Emitter Type 'Point' registered
21:36:35: Particle Emitter Type 'Box' registered
21:36:35: Particle Emitter Type 'Ellipsoid' registered
21:36:35: Particle Emitter Type 'Cylinder' registered
21:36:35: Particle Emitter Type 'Ring' registered
21:36:35: Particle Emitter Type 'HollowEllipsoid' registered
21:36:35: Particle Affector Type 'LinearForce' registered
21:36:35: Particle Affector Type 'ColourFader' registered
21:36:35: Particle Affector Type 'ColourFader2' registered
21:36:35: Particle Affector Type 'ColourImage' registered
21:36:35: Particle Affector Type 'ColourInterpolator' registered
21:36:35: Particle Affector Type 'ScaleInterpolator' registered
21:36:35: Particle Affector Type 'Scaler' registered
21:36:35: Particle Affector Type 'Rotator' registered
21:36:35: Particle Affector Type 'DirectionRandomiser' registered
21:36:35: Particle Affector Type 'DeflectorPlane' registered
21:36:35: Plugin successfully installed
21:36:35: *-*-* OGRE Initialising
21:36:35: *-*-* Version 3.0.0 (Eris)
21:36:37: CPU Identifier & Features
21:36:37: -------------------------
21:36:37:  *   CPU ID: AuthenticAMD: AMD Ryzen 7 7700 8-Core Processor
21:36:37:  *   Logical cores: 16
21:36:37:  *      SSE: yes
21:36:37:  *     SSE2: yes
21:36:37:  *     SSE3: yes
21:36:37:  *      MMX: yes
21:36:37:  *   MMXEXT: yes
21:36:37:  *    3DNOW: no
21:36:37:  * 3DNOWEXT: no
21:36:37:  *     CMOV: yes
21:36:37:  *      TSC: yes
21:36:37:  *      FPU: yes
21:36:37:  *      PRO: yes
21:36:37:  *       HT: no
21:36:37: -------------------------
21:36:37: *** Starting Win32GL Subsystem ***
21:36:37: GL3PlusRenderSystem::_createRenderWindow "Stunt Rally 3", 1024x768 windowed  miscParams: FSAA=1 externalWindowHandle=5440788 gamma=Yes reverse_depth=Yes title=Stunt Rally 3 vsync=No 
21:36:37: Created GL 4.5 context
21:36:37: GL Version = 4.5.0.0
21:36:37: GL_VERSION = 4.5.0 NVIDIA 591.86
21:36:37: GL_VENDOR = NVIDIA Corporation
21:36:37: GL_RENDERER = NVIDIA GeForce RTX 4070 SUPER/PCIe/SSE2
21:36:37: GL_EXTENSIONS = 
21:36:37: GL_AMD_multi_draw_indirect
21:36:37: GL_AMD_seamless_cubemap_per_texture
21:36:37: GL_AMD_vertex_shader_viewport_index
21:36:37: GL_AMD_vertex_shader_layer
21:36:37: GL_ARB_arrays_of_arrays
21:36:37: GL_ARB_base_instance
21:36:37: GL_ARB_bindless_texture
21:36:37: GL_ARB_blend_func_extended
21:36:37: GL_ARB_buffer_storage
21:36:37: GL_ARB_clear_buffer_object
21:36:37: GL_ARB_clear_texture
21:36:37: GL_ARB_clip_control
21:36:37: GL_ARB_color_buffer_float
21:36:37: GL_ARB_compressed_texture_pixel_storage
21:36:37: GL_ARB_conservative_depth
21:36:37: GL_ARB_compute_shader
21:36:37: GL_ARB_compute_variable_group_size
21:36:37: GL_ARB_conditional_render_inverted
21:36:37: GL_ARB_copy_buffer
21:36:37: GL_ARB_copy_image
21:36:37: GL_ARB_cull_distance
21:36:37: GL_ARB_debug_output
21:36:37: GL_ARB_depth_buffer_float
21:36:37: GL_ARB_depth_clamp
21:36:37: GL_ARB_depth_texture
21:36:37: GL_ARB_derivative_control
21:36:37: GL_ARB_direct_state_access
21:36:37: GL_ARB_draw_buffers
21:36:37: GL_ARB_draw_buffers_blend
21:36:37: GL_ARB_draw_indirect
21:36:37: GL_ARB_draw_elements_base_vertex
21:36:37: GL_ARB_draw_instanced
21:36:37: GL_ARB_enhanced_layouts
21:36:37: GL_ARB_ES2_compatibility
21:36:37: GL_ARB_ES3_compatibility
21:36:37: GL_ARB_ES3_1_compatibility
21:36:37: GL_ARB_ES3_2_compatibility
21:36:37: GL_ARB_explicit_attrib_location
21:36:37: GL_ARB_explicit_uniform_location
21:36:37: GL_ARB_fragment_coord_conventions
21:36:37: GL_ARB_fragment_layer_viewport
21:36:37: GL_ARB_fragment_program
21:36:37: GL_ARB_fragment_program_shadow
21:36:37: GL_ARB_fragment_shader
21:36:37: GL_ARB_fragment_shader_interlock
21:36:37: GL_ARB_framebuffer_no_attachments
21:36:37: GL_ARB_framebuffer_object
21:36:37: GL_ARB_framebuffer_sRGB
21:36:37: GL_ARB_geometry_shader4
21:36:37: GL_ARB_get_program_binary
21:36:37: GL_ARB_get_texture_sub_image
21:36:37: GL_ARB_gl_spirv
21:36:37: GL_ARB_gpu_shader5
21:36:37: GL_ARB_gpu_shader_fp64
21:36:37: GL_ARB_gpu_shader_int64
21:36:37: GL_ARB_half_float_pixel
21:36:37: GL_ARB_half_float_vertex
21:36:37: GL_ARB_imaging
21:36:37: GL_ARB_indirect_parameters
21:36:37: GL_ARB_instanced_arrays
21:36:37: GL_ARB_internalformat_query
21:36:37: GL_ARB_internalformat_query2
21:36:37: GL_ARB_invalidate_subdata
21:36:37: GL_ARB_map_buffer_alignment
21:36:37: GL_ARB_map_buffer_range
21:36:37: GL_ARB_multi_bind
21:36:37: GL_ARB_multi_draw_indirect
21:36:37: GL_ARB_multisample
21:36:37: GL_ARB_multitexture
21:36:37: GL_ARB_occlusion_query
21:36:37: GL_ARB_occlusion_query2
21:36:37: GL_ARB_parallel_shader_compile
21:36:37: GL_ARB_pipeline_statistics_query
21:36:37: GL_ARB_pixel_buffer_object
21:36:37: GL_ARB_point_parameters
21:36:37: GL_ARB_point_sprite
21:36:37: GL_ARB_polygon_offset_clamp
21:36:37: GL_ARB_post_depth_coverage
21:36:37: GL_ARB_program_interface_query
21:36:37: GL_ARB_provoking_vertex
21:36:37: GL_ARB_query_buffer_object
21:36:37: GL_ARB_robust_buffer_access_behavior
21:36:37: GL_ARB_robustness
21:36:37: GL_ARB_sample_locations
21:36:37: GL_ARB_sample_shading
21:36:37: GL_ARB_sampler_objects
21:36:37: GL_ARB_seamless_cube_map
21:36:37: GL_ARB_seamless_cubemap_per_texture
21:36:37: GL_ARB_separate_shader_objects
21:36:37: GL_ARB_shader_atomic_counter_ops
21:36:37: GL_ARB_shader_atomic_counters
21:36:37: GL_ARB_shader_ballot
21:36:37: GL_ARB_shader_bit_encoding
21:36:37: GL_ARB_shader_clock
21:36:37: GL_ARB_shader_draw_parameters
21:36:37: GL_ARB_shader_group_vote
21:36:37: GL_ARB_shader_image_load_store
21:36:37: GL_ARB_shader_image_size
21:36:37: GL_ARB_shader_objects
21:36:37: GL_ARB_shader_precision
21:36:37: GL_ARB_shader_storage_buffer_object
21:36:37: GL_ARB_shader_subroutine
21:36:37: GL_ARB_shader_texture_image_samples
21:36:37: GL_ARB_shader_texture_lod
21:36:37: GL_ARB_shading_language_100
21:36:37: GL_ARB_shader_viewport_layer_array
21:36:37: GL_ARB_shading_language_420pack
21:36:37: GL_ARB_shading_language_include
21:36:37: GL_ARB_shading_language_packing
21:36:37: GL_ARB_shadow
21:36:37: GL_ARB_sparse_buffer
21:36:37: GL_ARB_sparse_texture
21:36:37: GL_ARB_sparse_texture2
21:36:37: GL_ARB_sparse_texture_clamp
21:36:37: GL_ARB_spirv_extensions
21:36:37: GL_ARB_stencil_texturing
21:36:37: GL_ARB_sync
21:36:37: GL_ARB_tessellation_shader
21:36:37: GL_ARB_texture_barrier
21:36:37: GL_ARB_texture_border_clamp
21:36:37: GL_ARB_texture_buffer_object
21:36:37: GL_ARB_texture_buffer_object_rgb32
21:36:37: GL_ARB_texture_buffer_range
21:36:37: GL_ARB_texture_compression
21:36:37: GL_ARB_texture_compression_bptc
21:36:37: GL_ARB_texture_compression_rgtc
21:36:37: GL_ARB_texture_cube_map
21:36:37: GL_ARB_texture_cube_map_array
21:36:37: GL_ARB_texture_env_add
21:36:37: GL_ARB_texture_env_combine
21:36:37: GL_ARB_texture_env_crossbar
21:36:37: GL_ARB_texture_env_dot3
21:36:37: GL_ARB_texture_filter_anisotropic
21:36:37: GL_ARB_texture_filter_minmax
21:36:37: GL_ARB_texture_float
21:36:37: GL_ARB_texture_gather
21:36:37: GL_ARB_texture_mirror_clamp_to_edge
21:36:37: GL_ARB_texture_mirrored_repeat
21:36:37: GL_ARB_texture_multisample
21:36:37: GL_ARB_texture_non_power_of_two
21:36:37: GL_ARB_texture_query_levels
21:36:37: GL_ARB_texture_query_lod
21:36:37: GL_ARB_texture_rectangle
21:36:37: GL_ARB_texture_rg
21:36:37: GL_ARB_texture_rgb10_a2ui
21:36:37: GL_ARB_texture_stencil8
21:36:37: GL_ARB_texture_storage
21:36:37: GL_ARB_texture_storage_multisample
21:36:37: GL_ARB_texture_swizzle
21:36:37: GL_ARB_texture_view
21:36:37: GL_ARB_timer_query
21:36:37: GL_ARB_transform_feedback2
21:36:37: GL_ARB_transform_feedback3
21:36:37: GL_ARB_transform_feedback_instanced
21:36:37: GL_ARB_transform_feedback_overflow_query
21:36:37: GL_ARB_transpose_matrix
21:36:37: GL_ARB_uniform_buffer_object
21:36:37: GL_ARB_vertex_array_bgra
21:36:37: GL_ARB_vertex_array_object
21:36:37: GL_ARB_vertex_attrib_64bit
21:36:37: GL_ARB_vertex_attrib_binding
21:36:37: GL_ARB_vertex_buffer_object
21:36:37: GL_ARB_vertex_program
21:36:37: GL_ARB_vertex_shader
21:36:37: GL_ARB_vertex_type_10f_11f_11f_rev
21:36:37: GL_ARB_vertex_type_2_10_10_10_rev
21:36:37: GL_ARB_viewport_array
21:36:37: GL_ARB_window_pos
21:36:37: GL_ATI_draw_buffers
21:36:37: GL_ATI_texture_float
21:36:37: GL_ATI_texture_mirror_once
21:36:37: GL_S3_s3tc
21:36:37: GL_EXT_texture_env_add
21:36:37: GL_EXT_abgr
21:36:37: GL_EXT_bgra
21:36:37: GL_EXT_bindable_uniform
21:36:37: GL_EXT_blend_color
21:36:37: GL_EXT_blend_equation_separate
21:36:37: GL_EXT_blend_func_separate
21:36:37: GL_EXT_blend_minmax
21:36:37: GL_EXT_blend_subtract
21:36:37: GL_EXT_compiled_vertex_array
21:36:37: GL_EXT_Cg_shader
21:36:37: GL_EXT_depth_bounds_test
21:36:37: GL_EXT_direct_state_access
21:36:37: GL_EXT_draw_buffers2
21:36:37: GL_EXT_draw_instanced
21:36:37: GL_EXT_draw_range_elements
21:36:37: GL_EXT_fog_coord
21:36:37: GL_EXT_framebuffer_blit
21:36:37: GL_EXT_framebuffer_multisample
21:36:37: GL_EXTX_framebuffer_mixed_formats
21:36:37: GL_EXT_framebuffer_multisample_blit_scaled
21:36:37: GL_EXT_framebuffer_object
21:36:37: GL_EXT_framebuffer_sRGB
21:36:37: GL_EXT_geometry_shader4
21:36:37: GL_EXT_gpu_program_parameters
21:36:37: GL_EXT_gpu_shader4
21:36:37: GL_EXT_multi_draw_arrays
21:36:37: GL_EXT_multiview_texture_multisample
21:36:37: GL_EXT_multiview_timer_query
21:36:37: GL_EXT_packed_depth_stencil
21:36:37: GL_EXT_packed_float
21:36:37: GL_EXT_packed_pixels
21:36:37: GL_EXT_pixel_buffer_object
21:36:37: GL_EXT_point_parameters
21:36:37: GL_EXT_polygon_offset_clamp
21:36:37: GL_EXT_post_depth_coverage
21:36:37: GL_EXT_provoking_vertex
21:36:37: GL_EXT_raster_multisample
21:36:37: GL_EXT_rescale_normal
21:36:37: GL_EXT_secondary_color
21:36:37: GL_EXT_separate_shader_objects
21:36:37: GL_EXT_separate_specular_color
21:36:37: GL_EXT_shader_image_load_formatted
21:36:37: GL_EXT_shader_image_load_store
21:36:37: GL_EXT_shader_integer_mix
21:36:37: GL_EXT_shadow_funcs
21:36:37: GL_EXT_sparse_texture2
21:36:37: GL_EXT_stencil_two_side
21:36:37: GL_EXT_stencil_wrap
21:36:37: GL_EXT_texture3D
21:36:37: GL_EXT_texture_array
21:36:37: GL_EXT_texture_buffer_object
21:36:37: GL_EXT_texture_compression_dxt1
21:36:37: GL_EXT_texture_compression_latc
21:36:37: GL_EXT_texture_compression_rgtc
21:36:37: GL_EXT_texture_compression_s3tc
21:36:37: GL_EXT_texture_cube_map
21:36:37: GL_EXT_texture_edge_clamp
21:36:37: GL_EXT_texture_env_combine
21:36:37: GL_EXT_texture_env_dot3
21:36:37: GL_EXT_texture_filter_anisotropic
21:36:37: GL_EXT_texture_filter_minmax
21:36:37: GL_EXT_texture_integer
21:36:37: GL_EXT_texture_lod
21:36:37: GL_EXT_texture_lod_bias
21:36:37: GL_EXT_texture_mirror_clamp
21:36:37: GL_EXT_texture_object
21:36:37: GL_EXT_texture_shadow_lod
21:36:37: GL_EXT_texture_shared_exponent
21:36:37: GL_EXT_texture_sRGB
21:36:37: GL_EXT_texture_sRGB_R8
21:36:37: GL_EXT_texture_sRGB_decode
21:36:37: GL_EXT_texture_storage
21:36:37: GL_EXT_texture_swizzle
21:36:37: GL_EXT_timer_query
21:36:37: GL_EXT_transform_feedback2
21:36:37: GL_EXT_vertex_array
21:36:37: GL_EXT_vertex_array_bgra
21:36:37: GL_EXT_vertex_attrib_64bit
21:36:37: GL_EXT_window_rectangles
21:36:37: GL_EXT_import_sync_object
21:36:37: GL_IBM_rasterpos_clip
21:36:37: GL_IBM_texture_mirrored_repeat
21:36:37: GL_KHR_context_flush_control
21:36:37: GL_KHR_debug
21:36:37: GL_EXT_memory_object
21:36:37: GL_EXT_memory_object_win32
21:36:37: GL_NV_memory_object_sparse
21:36:37: GL_EXT_win32_keyed_mutex
21:36:37: GL_KHR_parallel_shader_compile
21:36:37: GL_KHR_no_error
21:36:37: GL_KHR_robust_buffer_access_behavior
21:36:37: GL_KHR_robustness
21:36:37: GL_EXT_semaphore
21:36:37: GL_EXT_semaphore_win32
21:36:37: GL_NV_timeline_semaphore
21:36:37: GL_KHR_shader_subgroup
21:36:37: GL_KTX_buffer_region
21:36:37: GL_NV_alpha_to_coverage_dither_control
21:36:37: GL_NV_bindless_multi_draw_indirect
21:36:37: GL_NV_bindless_multi_draw_indirect_count
21:36:37: GL_NV_bindless_texture
21:36:37: GL_NV_blend_equation_advanced
21:36:37: GL_NV_blend_equation_advanced_coherent
21:36:37: GL_NVX_blend_equation_advanced_multi_draw_buffers
21:36:37: GL_NV_blend_minmax_factor
21:36:37: GL_NV_blend_square
21:36:37: GL_NV_clip_space_w_scaling
21:36:37: GL_NV_command_list
21:36:37: GL_NV_compute_program5
21:36:37: GL_NV_compute_shader_derivatives
21:36:37: GL_NV_conditional_render
21:36:37: GL_NV_conservative_raster
21:36:37: GL_NV_conservative_raster_dilate
21:36:37: GL_NV_conservative_raster_pre_snap
21:36:37: GL_NV_conservative_raster_pre_snap_triangles
21:36:37: GL_NV_conservative_raster_underestimation
21:36:37: GL_NV_copy_depth_to_color
21:36:37: GL_NV_copy_image
21:36:37: GL_NV_depth_buffer_float
21:36:37: GL_NV_depth_clamp
21:36:37: GL_NV_draw_texture
21:36:37: GL_NV_draw_vulkan_image
21:36:37: GL_NV_ES1_1_compatibility
21:36:37: GL_NV_ES3_1_compatibility
21:36:37: GL_NV_explicit_multisample
21:36:37: GL_NV_feature_query
21:36:37: GL_NV_fence
21:36:37: GL_NV_fill_rectangle
21:36:37: GL_NV_float_buffer
21:36:37: GL_NV_fog_distance
21:36:37: GL_NV_fragment_coverage_to_color
21:36:37: GL_NV_fragment_program
21:36:37: GL_NV_fragment_program_option
21:36:37: GL_NV_fragment_program2
21:36:37: GL_NV_fragment_shader_barycentric
21:36:37: GL_NV_fragment_shader_interlock
21:36:37: GL_NV_framebuffer_mixed_samples
21:36:37: GL_NV_framebuffer_multisample_coverage
21:36:37: GL_NV_geometry_shader4
21:36:37: GL_NV_geometry_shader_passthrough
21:36:37: GL_NV_gpu_program4
21:36:37: GL_NV_internalformat_sample_query
21:36:37: GL_NV_gpu_program4_1
21:36:37: GL_NV_gpu_program5
21:36:37: GL_NV_gpu_program5_mem_extended
21:36:37: GL_NV_gpu_program_fp64
21:36:37: GL_NV_gpu_program_multiview
21:36:37: GL_NV_gpu_shader5
21:36:37: GL_NV_half_float
21:36:37: GL_NV_light_max_exponent
21:36:37: GL_NV_memory_attachment
21:36:37: GL_NV_mesh_shader
21:36:37: GL_NV_multisample_coverage
21:36:37: GL_NV_multisample_filter_hint
21:36:37: GL_NV_occlusion_query
21:36:37: GL_NV_packed_depth_stencil
21:36:37: GL_NV_parameter_buffer_object
21:36:37: GL_NV_parameter_buffer_object2
21:36:37: GL_NV_path_rendering
21:36:37: GL_NV_path_rendering_shared_edge
21:36:37: GL_NV_pixel_data_range
21:36:37: GL_NV_point_sprite
21:36:37: GL_NV_primitive_restart
21:36:37: GL_NV_primitive_shading_rate
21:36:37: GL_NV_query_resource
21:36:37: GL_NV_query_resource_tag
21:36:37: GL_NV_register_combiners
21:36:37: GL_NV_register_combiners2
21:36:37: GL_NV_representative_fragment_test
21:36:37: GL_NV_sample_locations
21:36:37: GL_NV_sample_mask_override_coverage
21:36:37: GL_NV_scissor_exclusive
21:36:37: GL_NV_shader_atomic_counters
21:36:37: GL_NV_shader_atomic_float
21:36:37: GL_NV_shader_atomic_float64
21:36:37: GL_NV_shader_atomic_fp16_vector
21:36:37: GL_NV_shader_atomic_int64
21:36:37: GL_NV_shader_buffer_load
21:36:37: GL_NV_shader_storage_buffer_object
21:36:37: GL_NV_shader_subgroup_partitioned
21:36:37: GL_NV_shader_texture_footprint
21:36:37: GL_NV_shading_rate_image
21:36:37: GL_NV_stereo_view_rendering
21:36:37: GL_NV_texgen_reflection
21:36:37: GL_NV_texture_barrier
21:36:37: GL_NV_texture_compression_vtc
21:36:37: GL_NV_texture_dirty_tile_map
21:36:37: GL_NV_texture_env_combine4
21:36:37: GL_NV_texture_multisample
21:36:37: GL_NV_texture_rectangle
21:36:37: GL_NV_texture_rectangle_compressed
21:36:37: GL_NV_texture_shader
21:36:37: GL_NV_texture_shader2
21:36:37: GL_NV_texture_shader3
21:36:37: GL_NV_transform_feedback
21:36:37: GL_NV_transform_feedback2
21:36:37: GL_NV_uniform_buffer_unified_memory
21:36:37: GL_NV_uniform_buffer_std430_layout
21:36:37: GL_NV_vertex_array_range
21:36:37: GL_NV_vertex_array_range2
21:36:37: GL_NV_vertex_attrib_integer_64bit
21:36:37: GL_NV_vertex_buffer_unified_memory
21:36:37: GL_NV_vertex_program
21:36:37: GL_NV_vertex_program1_1
21:36:37: GL_NV_vertex_program2
21:36:37: GL_NV_vertex_program2_option
21:36:37: GL_NV_vertex_program3
21:36:37: GL_NV_viewport_array2
21:36:37: GL_NV_viewport_swizzle
21:36:37: GL_NVX_conditional_render
21:36:37: GL_NVX_linked_gpu_multicast
21:36:37: GL_NV_gpu_multicast
21:36:37: GL_NVX_gpu_multicast2
21:36:37: GL_NVX_progress_fence
21:36:37: GL_NVX_gpu_memory_info
21:36:37: GL_NVX_multigpu_info
21:36:37: GL_NVX_nvenc_interop
21:36:37: GL_NV_shader_thread_group
21:36:37: GL_NV_shader_thread_shuffle
21:36:37: GL_KHR_blend_equation_advanced
21:36:37: GL_KHR_blend_equation_advanced_coherent
21:36:37: GL_OVR_multiview
21:36:37: GL_OVR_multiview2
21:36:37: GL_SGIS_generate_mipmap
21:36:37: GL_SGIS_texture_lod
21:36:37: GL_SGIX_depth_texture
21:36:37: GL_SGIX_shadow
21:36:37: GL_SUN_slice_accum
21:36:37: GL_WIN_swap_hint
21:36:37: WGL_EXT_swap_control
21:36:37: Supported WGL extensions: WGL_ARB_buffer_region WGL_ARB_create_context WGL_ARB_create_context_no_error WGL_ARB_create_context_profile WGL_ARB_create_context_robustness WGL_ARB_context_flush_control WGL_ARB_extensions_string WGL_ARB_make_current_read WGL_ARB_multisample WGL_ARB_pbuffer WGL_ARB_pixel_format WGL_ARB_pixel_format_float WGL_ARB_render_texture WGL_ATI_pixel_format_float WGL_EXT_colorspace WGL_EXT_create_context_es_profile WGL_EXT_create_context_es2_profile WGL_EXT_extensions_string WGL_EXT_framebuffer_sRGB WGL_EXT_pixel_format_packed_float WGL_EXT_swap_control WGL_EXT_swap_control_tear WGL_NVX_DX_interop WGL_NV_DX_interop WGL_NV_DX_interop2 WGL_NV_copy_image WGL_NV_delay_before_swap WGL_NV_float_buffer WGL_NV_multisample_coverage WGL_NV_multigpu_context WGL_NV_render_depth_texture WGL_NV_render_texture_rectangle 
21:36:37: **************************************
21:36:37: ***   OpenGL 3+ Renderer Started   ***
21:36:37: **************************************
21:36:37: Registering ResourceManager for type GpuProgram
21:36:37: RenderSystem capabilities
21:36:37: -------------------------
21:36:37: RenderSystem Name: OpenGL 3+ Rendering Subsystem
21:36:37: GPU Vendor: nvidia
21:36:37: Device Name: NVIDIA GeForce RTX 4070 SUPER/PCIe/SSE2
21:36:37: Driver Version: 4.5.0.0
21:36:37:  * Fixed function pipeline: no
21:36:37:  * Hardware generation of mipmaps: yes
21:36:37:  * Texture blending: yes
21:36:37:  * Anisotropic texture filtering: yes
21:36:37:  * Dot product texture operation: yes
21:36:37:  * Cube mapping: yes
21:36:37:  * Hardware stencil buffer: yes
21:36:37:    - Stencil depth: 8
21:36:37:    - Two sided stencil support: yes
21:36:37:    - Wrap stencil values: yes
21:36:37:  * Hardware vertex / index buffers: yes
21:36:37:  * 32-bit index buffers: yes
21:36:37:  * Vertex programs: yes
21:36:37:  * Number of floating-point constants for vertex programs: 4096
21:36:37:  * Number of integer constants for vertex programs: 4096
21:36:37:  * Number of boolean constants for vertex programs: 4096
21:36:37:  * Fragment programs: yes
21:36:37:  * Number of floating-point constants for fragment programs: 4096
21:36:37:  * Number of integer constants for fragment programs: 4096
21:36:37:  * Number of boolean constants for fragment programs: 4096
21:36:37:  * Geometry programs: yes
21:36:37:  * Number of floating-point constants for geometry programs: 2048
21:36:37:  * Number of integer constants for geometry programs: 2048
21:36:37:  * Number of boolean constants for geometry programs: 2048
21:36:37:  * Tessellation Hull programs: yes
21:36:37:  * Number of floating-point constants for tessellation hull programs: 2048
21:36:37:  * Number of integer constants for tessellation hull programs: 2048
21:36:37:  * Number of boolean constants for tessellation hull programs: 2048
21:36:37:  * Tessellation Domain programs: yes
21:36:37:  * Number of floating-point constants for tessellation domain programs: 2048
21:36:37:  * Number of integer constants for tessellation domain programs: 2048
21:36:37:  * Number of boolean constants for tessellation domain programs: 2048
21:36:37:  * Compute programs: yes
21:36:37:  * Number of floating-point constants for compute programs: 2048
21:36:37:  * Number of integer constants for compute programs: 2048
21:36:37:  * Number of boolean constants for compute programs: 2048
21:36:37:  * Supported Shader Profiles: glsl glsl130 glsl140 glsl150 glsl330 glsl400 glsl410 glsl420 glsl430 glsl440
21:36:37:  * Texture Compression: yes
21:36:37:    - DXT: yes
21:36:37:    - VTC: yes
21:36:37:    - PVRTC: no
21:36:37:    - ATC: no
21:36:37:    - ETC1: no
21:36:37:    - ETC2: yes
21:36:37:    - BC4/BC5: yes
21:36:37:    - BC6H/BC7: yes
21:36:37:    - ASTC: no
21:36:37:  * Hardware Occlusion Query: yes
21:36:37:  * User clip planes: yes
21:36:37:  * VET_UBYTE4 vertex element type: yes
21:36:37:  * Infinite far plane projection: yes
21:36:37:  * Hardware render-to-texture: yes
21:36:37:  * Floating point textures: yes
21:36:37:  * Non-power-of-two textures: yes
21:36:37:  * 1d textures: yes
21:36:37:  * Volume textures: yes
21:36:37:  * Max Texture resolution (2D) 32768
21:36:37:  * Max Texture resolution (3D) 16384
21:36:37:  * Max Texture resolution (Cubemaps) 32768
21:36:37:  * Multiple Render Targets: 8
21:36:37:    - With different bit depths: yes
21:36:37:  * Point Sprites: yes
21:36:37:  * Extended point parameters: yes
21:36:37:  * Max Point Size: 2047
21:36:37:  * Vertex texture fetch: yes
21:36:37:  * Number of world matrices: 0
21:36:37:  * Number of texture units: 16
21:36:37:  * Stencil buffer depth: 8
21:36:37:  * Number of vertex blend matrices: 0
21:36:37:    - Max vertex textures: 32
21:36:37:    - Vertex textures shared: yes
21:36:37:  * Render to Vertex Buffer : yes
21:36:37:  * Hardware Atomic Counters: yes
21:36:37:  * Shader 16-bit floating point (half): no
21:36:37:  * Compute max threads per threadgroup per axis: 1024, 1024, 64
21:36:37:  * Compute max threads per threadgroup total: 1024
21:36:37:  * GL 1.5 without VBO workaround: no
21:36:37:  * Frame Buffer objects: yes
21:36:37:  * Frame Buffer objects (ARB extension): no
21:36:37:  * Frame Buffer objects (ATI extension): no
21:36:37:  * PBuffer support: no
21:36:37:  * GL 1.5 without HW-occlusion workaround: no
21:36:37:  * Vertex Array Objects: yes
21:36:37:  * Using Reverse Z: yes
21:36:37: Using FSAA.
21:36:37: DefaultWorkQueue('Root') initialising on thread main.
21:36:37: Particle Renderer Type 'billboard' registered
21:36:37: OverlayElementFactory for type Panel registered.
21:36:37: OverlayElementFactory for type BorderPanel registered.
21:36:37: OverlayElementFactory for type TextArea registered.
21:36:37: Registering ResourceManager for type Font
21:36:37: Creating resource group Essential
21:36:37: Added resource location 'C:\Games\stuntrally3-3.3\fork\stuntrally3-2026\data/hud' of type 'FileSystem' to resource group 'Essential'
21:36:37: Added resource location 'C:\Games\stuntrally3-3.3\fork\stuntrally3-2026\data/gui' of type 'FileSystem' to resource group 'Essential'
21:36:37: Added resource location 'C:\Games\stuntrally3-3.3\fork\stuntrally3-2026\data/cars/_previews' of type 'FileSystem' to resource group 'Essential'
21:36:37: Added resource location 'C:\Games\stuntrally3-3.3\fork\stuntrally3-2026\data/tracks/_previews' of type 'FileSystem' to resource group 'Essential'
21:36:37: Added resource location 'C:\Games\stuntrally3-3.3\fork\stuntrally3-2026\data/materials/Common' of type 'FileSystem' to resource group 'General'
21:36:37: Added resource location 'C:\Games\stuntrally3-3.3\fork\stuntrally3-2026\data/materials/Common/Any' of type 'FileSystem' to resource group 'General'
21:36:37: Added resource location 'C:\Games\stuntrally3-3.3\fork\stuntrally3-2026\data/materials/Common/GLSL' of type 'FileSystem' to resource group 'General'
21:36:37: Added resource location 'C:\Games\stuntrally3-3.3\fork\stuntrally3-2026\data/materials/Common/HLSL' of type 'FileSystem' to resource group 'General'
21:36:37: Added resource location 'C:\Games\stuntrally3-3.3\fork\stuntrally3-2026\data/materials/Terrain' of type 'FileSystem' to resource group 'General'
21:36:37: Added resource location 'C:\Games\stuntrally3-3.3\fork\stuntrally3-2026\data/materials/Terrain/GLSL' of type 'FileSystem' to resource group 'General'
21:36:37: Added resource location 'C:\Games\stuntrally3-3.3\fork\stuntrally3-2026\data/materials/Terrain/HLSL' of type 'FileSystem' to resource group 'General'
21:36:37: Added resource location 'C:\Games\stuntrally3-3.3\fork\stuntrally3-2026\data/materials/Terrain/Metal' of type 'FileSystem' to resource group 'General'
21:36:37: Added resource location 'C:\Games\stuntrally3-3.3\fork\stuntrally3-2026\data/materials/Pbs' of type 'FileSystem' to resource group 'General'
21:36:37: Added resource location 'C:\Games\stuntrally3-3.3\fork\stuntrally3-2026\data/Hlms/Common/Any' of type 'FileSystem' to resource group 'General'
21:36:37: Added resource location 'C:\Games\stuntrally3-3.3\fork\stuntrally3-2026\data/Hlms/Common/GLSL' of type 'FileSystem' to resource group 'General'
21:36:37: Added resource location 'C:\Games\stuntrally3-3.3\fork\stuntrally3-2026\data/Hlms/Common/HLSL' of type 'FileSystem' to resource group 'General'
21:36:37: Added resource location 'C:\Games\stuntrally3-3.3\fork\stuntrally3-2026\data/Hlms/Compute/Tools' of type 'FileSystem' to resource group 'General'
21:36:37: Added resource location 'C:\Games\stuntrally3-3.3\fork\stuntrally3-2026\data/Hlms/Compute/Tools/Any' of type 'FileSystem' to resource group 'General'
21:36:37: Added resource location 'C:\Games\stuntrally3-3.3\fork\stuntrally3-2026\data/Hlms/Compute/Tools/GLSL' of type 'FileSystem' to resource group 'General'
21:36:37: Added resource location 'C:\Games\stuntrally3-3.3\fork\stuntrally3-2026\data/Hlms/Compute/Tools/HLSL' of type 'FileSystem' to resource group 'General'
21:36:37: Added resource location 'C:\Games\stuntrally3-3.3\fork\stuntrally3-2026\data/Hlms/Compute/Tools/Metal' of type 'FileSystem' to resource group 'General'
21:36:37: Added resource location 'C:\Games\stuntrally3-3.3\fork\stuntrally3-2026\data/Hlms/Compute/Algorithms/IBL' of type 'FileSystem' to resource group 'General'
21:36:37: Added resource location 'C:\Games\stuntrally3-3.3\fork\stuntrally3-2026\data/Hlms/Compute/Algorithms/IrradianceFields' of type 'FileSystem' to resource group 'General'
21:36:37: Added resource location 'C:\Games\stuntrally3-3.3\fork\stuntrally3-2026\data/Hlms/Compute/Algorithms/IrradianceFields/Visualizer' of type 'FileSystem' to resource group 'General'
21:36:37: Added resource location 'C:\Games\stuntrally3-3.3\fork\stuntrally3-2026\data/Hlms/VCT' of type 'FileSystem' to resource group 'General'
21:36:37: Added resource location 'C:\Games\stuntrally3-3.3\fork\stuntrally3-2026\data/Hlms/VCT/ImageVoxelizer' of type 'FileSystem' to resource group 'General'
21:36:37: Added resource location 'C:\Games\stuntrally3-3.3\fork\stuntrally3-2026\data/Hlms/VCT/Visualizer' of type 'FileSystem' to resource group 'General'
21:36:37: Added resource location 'C:\Games\stuntrally3-3.3\fork\stuntrally3-2026\data/Hlms/Pbs/Any' of type 'FileSystem' to resource group 'General'
21:36:37: Added resource location 'C:\Games\stuntrally3-3.3\fork\stuntrally3-2026\data/sounds' of type 'FileSystem' to resource group 'General'
21:36:37: Added resource location 'C:\Games\stuntrally3-3.3\fork\stuntrally3-2026\data/sounds/crash' of type 'FileSystem' to resource group 'General'
21:36:37: Added resource location 'C:\Games\stuntrally3-3.3\fork\stuntrally3-2026\data/sounds/engines' of type 'FileSystem' to resource group 'General'
21:36:37: Added resource location 'C:\Games\stuntrally3-3.3\fork\stuntrally3-2026\data/sounds/fluids' of type 'FileSystem' to resource group 'General'
21:36:37: Added resource location 'C:\Games\stuntrally3-3.3\fork\stuntrally3-2026\data/sounds/hit' of type 'FileSystem' to resource group 'General'
21:36:37: Added resource location 'C:\Games\stuntrally3-3.3\fork\stuntrally3-2026\data/sounds/hud' of type 'FileSystem' to resource group 'General'
21:36:37: Added resource location 'C:\Games\stuntrally3-3.3\fork\stuntrally3-2026\data/sounds/surface' of type 'FileSystem' to resource group 'General'
21:36:37: Added resource location 'C:\Games\stuntrally3-3.3\fork\stuntrally3-2026\data/sounds/vehicle' of type 'FileSystem' to resource group 'General'
21:36:37: Creating resource group Popular
21:36:37: Added resource location 'C:\Games\stuntrally3-3.3\fork\stuntrally3-2026\data/materials' of type 'FileSystem' to resource group 'Popular'
21:36:37: Added resource location 'C:\Games\stuntrally3-3.3\fork\stuntrally3-2026\data/particles' of type 'FileSystem' to resource group 'Popular'
21:36:37: Added resource location 'C:\Games\stuntrally3-3.3\fork\stuntrally3-2026\data/models/objects' of type 'FileSystem' to resource group 'Popular'
21:36:37: Added resource location 'C:\Games\stuntrally3-3.3\fork\stuntrally3-2026\data/models/objects0' of type 'FileSystem' to resource group 'Popular'
21:36:37: Added resource location 'C:\Games\stuntrally3-3.3\fork\stuntrally3-2026\data/models/objects2' of type 'FileSystem' to resource group 'Popular'
21:36:37: Added resource location 'C:\Games\stuntrally3-3.3\fork\stuntrally3-2026\data/models/objectsC' of type 'FileSystem' to resource group 'Popular'
21:36:37: Added resource location 'C:\Games\stuntrally3-3.3\fork\stuntrally3-2026\data/models/gems' of type 'FileSystem' to resource group 'Popular'
21:36:37: Added resource location 'C:\Games\stuntrally3-3.3\fork\stuntrally3-2026\data/models/obstacles' of type 'FileSystem' to resource group 'Popular'
21:36:37: Added resource location 'C:\Games\stuntrally3-3.3\fork\stuntrally3-2026\data/models/rocks' of type 'FileSystem' to resource group 'Popular'
21:36:37: Added resource location 'C:\Games\stuntrally3-3.3\fork\stuntrally3-2026\data/models/rockshex' of type 'FileSystem' to resource group 'Popular'
21:36:37: Added resource location 'C:\Games\stuntrally3-3.3\fork\stuntrally3-2026\data/models/bush' of type 'FileSystem' to resource group 'Popular'
21:36:37: Added resource location 'C:\Games\stuntrally3-3.3\fork\stuntrally3-2026\data/models/trees' of type 'FileSystem' to resource group 'Popular'
21:36:37: Added resource location 'C:\Games\stuntrally3-3.3\fork\stuntrally3-2026\data/models/trees2' of type 'FileSystem' to resource group 'Popular'
21:36:37: Added resource location 'C:\Games\stuntrally3-3.3\fork\stuntrally3-2026\data/models/trees-old' of type 'FileSystem' to resource group 'Popular'
21:36:37: Added resource location 'C:\Games\stuntrally3-3.3\fork\stuntrally3-2026\data/textures/road' of type 'FileSystem' to resource group 'Popular'
21:36:37: Added resource location 'C:\Games\stuntrally3-3.3\fork\stuntrally3-2026\data/textures/grass' of type 'FileSystem' to resource group 'Popular'
21:36:37: Added resource location 'C:\Games\stuntrally3-3.3\fork\stuntrally3-2026\data/textures/terrain' of type 'FileSystem' to resource group 'Popular'
21:36:37: Added resource location 'C:\Games\stuntrally3-3.3\fork\stuntrally3-2026\data/textures/skies' of type 'FileSystem' to resource group 'Popular'
21:36:37: HLMS Library path 'C:\Games\stuntrally3-3.3\fork\stuntrally3-2026\data/Hlms/Pbs/Any/Atmosphere' has no piece files. Are you sure you provided the right path with read access?
21:36:37: HLMS Library path 'C:\Games\stuntrally3-3.3\fork\stuntrally3-2026\data/Hlms/Pbs/Any/Atmosphere' has no piece files. Are you sure you provided the right path with read access?
21:36:37: Loading HlmsDiskCache from hlmsCache1.bin
21:36:37: Applying HlmsDiskCache 1
21:36:37: INFO: The cached Hlms is for shader profile in 'glslvk' but it does not match the current one 'glsl'. This increases loading times.
21:36:37: WARNING: The cached Hlms is out of date. The templates have changed. We will parse the templates again. If you experience crashes or shader compiler errors, delete the cache
21:36:37: Loading HlmsDiskCache from hlmsCache3.bin
21:36:37: Applying HlmsDiskCache 3
21:36:37: INFO: The cached Hlms is for shader profile in 'glslvk' but it does not match the current one 'glsl'. This increases loading times.
21:36:37: WARNING: The cached Hlms is out of date. The templates have changed. We will parse the templates again. If you experience crashes or shader compiler errors, delete the cache
21:36:37: Loading HlmsDiskCache from hlmsCache7.bin
21:36:37: Applying HlmsDiskCache 7
21:36:37: INFO: The cached Hlms is for shader profile in 'glslvk' but it does not match the current one 'glsl'. This increases loading times.
21:36:37: WARNING: The cached Hlms is out of date. The templates have changed. We will parse the templates again. If you experience crashes or shader compiler errors, delete the cache
21:36:37: Parsing scripts for resource group Autodetect
21:36:37: Finished parsing scripts for resource group Autodetect
21:36:37: Creating resources for group Autodetect
21:36:37: All done
21:36:37: Parsing scripts for resource group Essential
21:36:37: Parsing script DebugFont.fontdef
21:36:37: Finished parsing scripts for resource group Essential
21:36:37: Creating resources for group Essential
21:36:37: All done
21:36:37: Parsing scripts for resource group General
21:36:37: Parsing script Quad.program
21:36:37: Parsing script Copyback.material
21:36:37: Parsing script DepthUtils.material
21:36:37: Parsing script DPM.material
21:36:37: Parsing script DPSM.material
21:36:37: Parsing script EsmGaussianBlurLogFilter.material
21:36:37: Parsing script HDR.material
21:36:37: Parsing script HDR_AA.material
21:36:37: Parsing script HiddenAreaMeshVr.material
21:36:37: Parsing script PccDepthCompressor.material
21:36:37: Parsing script RadialDensityMask.material
21:36:37: Parsing script Sky.material
21:36:37: Parsing script SplitScreen.material
21:36:37: Parsing script SR3_LensFlare.material
21:36:37: Parsing script SR3_SunBeams.material
21:36:37: Parsing script SSAO_HS.material
21:36:37: Parsing script GpuBlendMapper.material
21:36:37: Parsing script GpuNormalMapper.material
21:36:37: Parsing script hud.material
21:36:37: Parsing script weather.material
21:36:37: Parsing script IfdVisualizer.material
21:36:37: Parsing script VoxelVisualizer.material
21:36:37: Parsing script GpuBlendlMapper.compositor
21:36:37: Parsing script GpuNormalMapper.compositor
21:36:37: Parsing script TerraShadowGenerator.compositor
21:36:37: Parsing script IrradianceField.compositor
21:36:37: Parsing script VctTexDownsample.compositor
21:36:37: Parsing script EsmGaussianBlurLogFilter.material.json
21:36:37: Parsing script Mipmaps.material.json
21:36:37: Parsing script TerraShadowGenerator.material.json
21:36:37: Parsing script bush.material.json
21:36:37: Parsing script collect.material.json
21:36:37: Parsing script fluid.material.json
21:36:37: WARNING: PBS Datablock 'Acid_green' enabling transparency but forcing a blendblock to avoid alpha blending. Results may not look as expected.
21:36:37: WARNING: PBS Datablock 'Alien_acid' enabling transparency but forcing a blendblock to avoid alpha blending. Results may not look as expected.
21:36:37: WARNING: PBS Datablock 'Anomaly_jelly_1' enabling transparency but forcing a blendblock to avoid alpha blending. Results may not look as expected.
21:36:37: WARNING: PBS Datablock 'Anomaly_jelly_2' enabling transparency but forcing a blendblock to avoid alpha blending. Results may not look as expected.
21:36:37: WARNING: PBS Datablock 'Anomaly_jelly_3' enabling transparency but forcing a blendblock to avoid alpha blending. Results may not look as expected.
21:36:37: WARNING: PBS Datablock 'Blue_jelly' enabling transparency but forcing a blendblock to avoid alpha blending. Results may not look as expected.
21:36:37: WARNING: PBS Datablock 'Grease_jelly' enabling transparency but forcing a blendblock to avoid alpha blending. Results may not look as expected.
21:36:37: WARNING: PBS Datablock 'Green_slime' enabling transparency but forcing a blendblock to avoid alpha blending. Results may not look as expected.
21:36:37: WARNING: PBS Datablock 'Ice' enabling transparency but forcing a blendblock to avoid alpha blending. Results may not look as expected.
21:36:37: WARNING: PBS Datablock 'Ice_bright' enabling transparency but forcing a blendblock to avoid alpha blending. Results may not look as expected.
21:36:37: WARNING: PBS Datablock 'Ice_blue' enabling transparency but forcing a blendblock to avoid alpha blending. Results may not look as expected.
21:36:37: WARNING: PBS Datablock 'Ice_bumpy' enabling transparency but forcing a blendblock to avoid alpha blending. Results may not look as expected.
21:36:37: WARNING: PBS Datablock 'Ice_cyan' enabling transparency but forcing a blendblock to avoid alpha blending. Results may not look as expected.
21:36:37: WARNING: PBS Datablock 'LavaBlk' enabling transparency but forcing a blendblock to avoid alpha blending. Results may not look as expected.
21:36:37: WARNING: PBS Datablock 'LavaHot' enabling transparency but forcing a blendblock to avoid alpha blending. Results may not look as expected.
21:36:37: WARNING: PBS Datablock 'LavaOrn' enabling transparency but forcing a blendblock to avoid alpha blending. Results may not look as expected.
21:36:37: WARNING: PBS Datablock 'Liquid_gas' enabling transparency but forcing a blendblock to avoid alpha blending. Results may not look as expected.
21:36:37: WARNING: PBS Datablock 'Liquid_gas2' enabling transparency but forcing a blendblock to avoid alpha blending. Results may not look as expected.
21:36:37: WARNING: PBS Datablock 'Liquid_gas_space' enabling transparency but forcing a blendblock to avoid alpha blending. Results may not look as expected.
21:36:37: WARNING: PBS Datablock 'Mud_blue' enabling transparency but forcing a blendblock to avoid alpha blending. Results may not look as expected.
21:36:37: WARNING: PBS Datablock 'Mud_brown' enabling transparency but forcing a blendblock to avoid alpha blending. Results may not look as expected.
21:36:37: WARNING: PBS Datablock 'Mud_brown_JD' enabling transparency but forcing a blendblock to avoid alpha blending. Results may not look as expected.
21:36:37: WARNING: PBS Datablock 'Mud_cyan' enabling transparency but forcing a blendblock to avoid alpha blending. Results may not look as expected.
21:36:37: WARNING: PBS Datablock 'Mud_dark' enabling transparency but forcing a blendblock to avoid alpha blending. Results may not look as expected.
21:36:37: WARNING: PBS Datablock 'Mud_dark_JD' enabling transparency but forcing a blendblock to avoid alpha blending. Results may not look as expected.
21:36:37: WARNING: PBS Datablock 'Mud_orange' enabling transparency but forcing a blendblock to avoid alpha blending. Results may not look as expected.
21:36:37: WARNING: PBS Datablock 'Mud_orange_JD' enabling transparency but forcing a blendblock to avoid alpha blending. Results may not look as expected.
21:36:37: WARNING: PBS Datablock 'Mud_white' enabling transparency but forcing a blendblock to avoid alpha blending. Results may not look as expected.
21:36:37: WARNING: PBS Datablock 'Mud_white_anomaly' enabling transparency but forcing a blendblock to avoid alpha blending. Results may not look as expected.
21:36:37: WARNING: PBS Datablock 'Oil' enabling transparency but forcing a blendblock to avoid alpha blending. Results may not look as expected.
21:36:37: WARNING: PBS Datablock 'Pink_jelly' enabling transparency but forcing a blendblock to avoid alpha blending. Results may not look as expected.
21:36:37: WARNING: PBS Datablock 'Water_anomaly_blue' enabling transparency but forcing a blendblock to avoid alpha blending. Results may not look as expected.
21:36:37: WARNING: PBS Datablock 'Water_blue' enabling transparency but forcing a blendblock to avoid alpha blending. Results may not look as expected.
21:36:37: WARNING: PBS Datablock 'Water_blue_dark' enabling transparency but forcing a blendblock to avoid alpha blending. Results may not look as expected.
21:36:37: WARNING: PBS Datablock 'Water_clear_blue' enabling transparency but forcing a blendblock to avoid alpha blending. Results may not look as expected.
21:36:37: WARNING: PBS Datablock 'Water_clear_green' enabling transparency but forcing a blendblock to avoid alpha blending. Results may not look as expected.
21:36:37: WARNING: PBS Datablock 'Water_clear_pink' enabling transparency but forcing a blendblock to avoid alpha blending. Results may not look as expected.
21:36:37: WARNING: PBS Datablock 'Water_clear_shore' enabling transparency but forcing a blendblock to avoid alpha blending. Results may not look as expected.
21:36:37: WARNING: PBS Datablock 'Water_clear_sunset' enabling transparency but forcing a blendblock to avoid alpha blending. Results may not look as expected.
21:36:37: WARNING: PBS Datablock 'Water_clear_white' enabling transparency but forcing a blendblock to avoid alpha blending. Results may not look as expected.
21:36:37: WARNING: PBS Datablock 'Water_cyan' enabling transparency but forcing a blendblock to avoid alpha blending. Results may not look as expected.
21:36:37: WARNING: PBS Datablock 'Water_dark' enabling transparency but forcing a blendblock to avoid alpha blending. Results may not look as expected.
21:36:37: WARNING: PBS Datablock 'Water_green' enabling transparency but forcing a blendblock to avoid alpha blending. Results may not look as expected.
21:36:37: WARNING: PBS Datablock 'Water_marble' enabling transparency but forcing a blendblock to avoid alpha blending. Results may not look as expected.
21:36:37: WARNING: PBS Datablock 'Water_milky_blue' enabling transparency but forcing a blendblock to avoid alpha blending. Results may not look as expected.
21:36:37: WARNING: PBS Datablock 'Water_milky_blue_2' enabling transparency but forcing a blendblock to avoid alpha blending. Results may not look as expected.
21:36:37: WARNING: PBS Datablock 'Water_milky_cyan' enabling transparency but forcing a blendblock to avoid alpha blending. Results may not look as expected.
21:36:37: WARNING: PBS Datablock 'Water_milky_cyan_2' enabling transparency but forcing a blendblock to avoid alpha blending. Results may not look as expected.
21:36:37: WARNING: PBS Datablock 'Water_milky_white' enabling transparency but forcing a blendblock to avoid alpha blending. Results may not look as expected.
21:36:37: WARNING: PBS Datablock 'Water_milky_white_2' enabling transparency but forcing a blendblock to avoid alpha blending. Results may not look as expected.
21:36:37: WARNING: PBS Datablock 'Water_moss' enabling transparency but forcing a blendblock to avoid alpha blending. Results may not look as expected.
21:36:37: WARNING: PBS Datablock 'Water_pink' enabling transparency but forcing a blendblock to avoid alpha blending. Results may not look as expected.
21:36:37: WARNING: PBS Datablock 'Water_shore' enabling transparency but forcing a blendblock to avoid alpha blending. Results may not look as expected.
21:36:37: WARNING: PBS Datablock 'Water_strange' enabling transparency but forcing a blendblock to avoid alpha blending. Results may not look as expected.
21:36:37: WARNING: PBS Datablock 'Water_strange2' enabling transparency but forcing a blendblock to avoid alpha blending. Results may not look as expected.
21:36:37: WARNING: PBS Datablock 'Water_strange_anomaly' enabling transparency but forcing a blendblock to avoid alpha blending. Results may not look as expected.
21:36:37: WARNING: PBS Datablock 'Water_strange2_anomaly' enabling transparency but forcing a blendblock to avoid alpha blending. Results may not look as expected.
21:36:37: WARNING: PBS Datablock 'Water_sunset' enabling transparency but forcing a blendblock to avoid alpha blending. Results may not look as expected.
21:36:37: WARNING: PBS Datablock 'Water_sunset_cyan' enabling transparency but forcing a blendblock to avoid alpha blending. Results may not look as expected.
21:36:37: WARNING: PBS Datablock 'Water_white' enabling transparency but forcing a blendblock to avoid alpha blending. Results may not look as expected.
21:36:37: Parsing script fluid_lq.material.json
21:36:37: Parsing script fluid_river.material.json
21:36:37: Parsing script fluid_river_lq.material.json
21:36:37: Parsing script grass.material.json
21:36:37: Parsing script hud.material.json
21:36:37: Parsing script object.material.json
21:36:37: Parsing script pipe.material.json
21:36:37: Parsing script road.material.json
21:36:37: Parsing script rock.material.json
21:36:37: Parsing script sky.material.json
21:36:37: Parsing script tree.material.json
21:36:37: Parsing script vehicle.material.json
21:36:37: Parsing script wall.material.json
21:36:37: Parsing script ClearUav.material.json
21:36:37: Parsing script IBL.material.json
21:36:37: Parsing script IrradianceField.material.json
21:36:37: Parsing script Voxelizer.material.json
21:36:37: Finished parsing scripts for resource group General
21:36:37: Creating resources for group General
21:36:37: All done
21:36:37: Parsing scripts for resource group Internal
21:36:37: Finished parsing scripts for resource group Internal
21:36:37: Creating resources for group Internal
21:36:37: All done
21:36:37: Parsing scripts for resource group Popular
21:36:37: Parsing script car.particle
21:36:37: Parsing script emitters.particle
21:36:37: Parsing script fluids.particle
21:36:37: Parsing script tires.particle
21:36:37: Parsing script weather.particle
21:36:37: Parsing script SR3.compositor
21:36:37: Finished parsing scripts for resource group Popular
21:36:37: Creating resources for group Popular
21:36:37: All done
21:36:37: >>>>>>>> Init SR --------
21:36:37: A--- Cmd Line Arguments: 1
21:36:37: A--- exe path: C:\Games\stuntrally3-3.3\fork\stuntrally3-2026\bin\Release\StuntRally3.exe
21:36:37: C::J Init open joysticks ----
21:36:37: @@@@ Init game, sounds ----
21:36:37: @@  ---- Sound devices ----
21:36:37: @  OpenAL Soft on Realtek HD Audio 2nd output (Realtek(R) Audio)
21:36:37: @  OpenAL Soft on Speakers (iOX Bar III)
21:36:37: @  EFX extension found.
21:36:37: @@  ---- SoundManager Info ----
21:36:37: @  vendor: OpenAL Community
21:36:37: @  version: 1.1 ALSOFT 1.23.1
21:36:37: @  renderer: OpenAL Soft
21:36:37: @  extensions: EAX EAX2.0 EAX3.0 EAX4.0 EAX5.0 EAX-RAM AL_EXT_ALAW AL_EXT_BFORMAT AL_EXT_DOUBLE AL_EXT_EXPONENT_DISTANCE AL_EXT_FLOAT32 AL_EXT_IMA4 AL_EXT_LINEAR_DISTANCE AL_EXT_MCFORMATS AL_EXT_MULAW AL_EXT_MULAW_BFORMAT AL_EXT_MULAW_MCFORMATS AL_EXT_OFFSET AL_EXT_source_distance_model AL_EXT_SOURCE_RADIUS AL_EXT_STATIC_BUFFER AL_EXT_STEREO_ANGLES AL_LOKI_quadriphonic AL_SOFT_bformat_ex AL_SOFTX_bformat_hoa AL_SOFT_block_alignment AL_SOFT_buffer_length_query AL_SOFT_callback_buffer AL_SOFTX_convolution_reverb AL_SOFT_deferred_updates AL_SOFT_direct_channels AL_SOFT_direct_channels_remix AL_SOFT_effect_target AL_SOFT_events AL_SOFT_gain_clamp_ex AL_SOFTX_hold_on_disconnect AL_SOFT_loop_points AL_SOFTX_map_buffer AL_SOFT_MSADPCM AL_SOFT_source_latency AL_SOFT_source_length AL_SOFT_source_resampler AL_SOFT_source_spatialize AL_SOFT_source_start_delay AL_SOFT_UHJ AL_SOFT_UHJ_ex
21:36:37: @  Aux Sends per Source: 4
21:36:37: @  SoundScript: Sound Manager started with 0 sources
21:36:37: @  SoundScript: Parsing
21:36:37: @  SoundScript: Parsed: 77 templates.
21:36:37: :::* Time Sounds:  32 ms
21:36:38: Loading OGG: hud/win0.ogg
21:36:38: Loading OGG: hud/win1.ogg
21:36:38: Loading OGG: hud/win2.ogg
21:36:38: :::* Time Hud Sounds:  33 ms
21:36:38: @  Sound init ok.
21:36:38: L*** Simulation: normal. Loaded: 4 tires, 29 surfaces, 3=3 suspensions.
21:36:38: L*** Simulation: normal. Loaded: 4 tires, 29 surfaces, 3=3 suspensions.
21:36:38: L*** Loaded Fluids: 102
21:36:38: L*** Loaded Vegetation collisions: 95
21:36:38: L*** Loaded Reverbs sets: 17
21:36:38: L*** Loaded Presets  sky: 66  ter: 166  road: 349  grass: 97  veget: 328  obj: 130  col: 9
21:36:38: L*** Loaded game Paints: 528
21:36:38: L*** Loaded Championships: 86
21:36:38: L*** Loaded Challenges: 146
21:36:38: L*** Loaded Collections: 48
21:36:38: Total tracks: 238, total time: 11:29 h:m
21:36:38: **** ReplayFrame size 64 + 40 *4 (wh) = 224
21:36:38: **** Replay test sizes: 12244: 1,2,2,4,4  vec: 24   hi,lo 16,32: 16,32
21:36:38: :::* Time load xmls:  50 ms
21:36:38: :::* Time load xmls: 124 ms
21:36:38: C::# Init MyGui
21:36:38: C--# Create Fonts ----
21:36:38: C--# Created Font: font.small  size: 16.25
21:36:38: C--# Created Font: font.normal  size: 18.42
21:36:38: C--# Created Font: font.big  size: 21.13
21:36:38: C--# Created Font: hud.text  size: 23.10
21:36:38: C--# Created Font: hud.replay  size: 17.60
21:36:38: C--# Created Font: DigGear  size: 52.80
21:36:38: C--# Created Font: hud.fps  size: 17.60
21:36:38: ---- baseSizeGui
21:36:38: :::# Init Gui ----
21:36:38: :::* Time upd Paints:   6 ms
21:36:38: :::* Time Init Gui: 427 ms
21:36:38: CC## Setup Compositor     worksp: 0 (0) workdef: 0 node: 0 rtt: 0
21:36:38: CC## views:  1
21:36:38: DD## Destroy Compositor   worksp: 0 (0) workdef: 0 node: 0 rtt: 0
21:36:38: C:## CreateCubeReflect    worksp: 0 (0) workdef: 0 node: 0 rtt: 0
21:36:38: IBL: 1.00
21:36:38: C-*# Add Reflect Cube     worksp: 1 (0) workdef: 0 node: 0 rtt: 0
21:36:38: DD## destroy Cameras-
21:36:38: c--: new cam: Player
21:36:38: CC+# Create Compositor    worksp: 1 (0) workdef: 0 node: 0 rtt: 0
21:36:38: CC-# Single screen -1
21:36:38: CC+# view dim: 1.00 1.00
21:36:38: C+-* Add Node SR3_0_prepare-0
21:36:38: C+-* Add Node SR3_1_First-0
21:36:38: C+-* Add Node SR3_2_depth-0
21:36:38: C+-* Add Node SR3_3_Final-0
21:36:38: C+-# Add Work SR3_New_WS0
21:36:38: CC## Done Compositor ===  worksp: 2 (0) workdef: 1 node: 4 rtt: 0
21:36:38: >>>>>>>> Init SR done ----
21:36:38: []-- WindowResized
21:36:38: D--- Destroy Hud
